   0.326506E+00   0.330935E+01   0.647670E+00   0.163345E+00   0.884293E+00   0.165013E+01   0.998333E+00   0.834920E+00   0.103126E+01   0.115786E+01   0.100700E+01   0.982469E+00   0.103500E+01   0.100593E+01   0.100727E+01   0.999220E+00   0.999737E+00   0.965902E+00   0.100727E+01   0.999385E+00
