date info GUI_version DLL_version istep hour Ncells(1) Ncells(2) Nanoxia_dead(1) Nanoxia_dead(2) Naglucosia_dead(1) Naglucosia_dead(2) NdrugA_dead(1) NdrugA_dead(2) NdrugB_dead(1) NdrugB_dead(2) Nradiation_dead(1) Nradiation_dead(2) Ntagged_anoxia(1) Ntagged_anoxia(2) Ntagged_aglucosia(1) Ntagged_aglucosia(2) Ntagged_drugA(1) Ntagged_drugA(2) Ntagged_drugB(1) Ntagged_drugB(2) Ntagged_radiation(1) Ntagged_radiation(2) f_hypox(1) f_hypox(2) f_hypox(3) f_clonohypox(1) f_clonohypox(2) f_clonohypox(3) f_growth(1) f_growth(2) f_growth(3) plating_efficiency(1) plating_efficiency(2) EC_oxygen EC_glucose EC_drugA EC_drugA_met1 EC_drugA_met2 EC_drugA_met3 EC_drugB EC_drugB_met1 EC_drugB_met2 EC_drugB_met3 IC_oxygen IC_glucose IC_drugA IC_drugA_met1 IC_drugA_met2 IC_drugA_met3 IC_drugB IC_drugB_met1 IC_drugB_met2 IC_drugB_met3 medium_oxygen medium_glucose medium_drugA medium_drugA_met1 medium_drugA_met2 medium_drugA_met3 medium_drugB medium_drugB_met1 medium_drugB_met2 medium_drugB_met3 doubling_time Ndivided
09/11/22 User:_vjac014 GUI2.0      DLL2.0            36     1.00000      0      0      0      0      0      0      0      0      0      0      0      0      0      0      0      0      0      0      0      0      0      0  0.0000E+00  0.0000E+00  0.0000E+00  0.0000E+00  0.0000E+00  0.0000E+00  0.0000E+00  0.0000E+00  0.0000E+00  0.0000E+00  0.0000E+00  0.2921E+01  0.2770E-01  0.1521E+01  0.1960E-01  0.0000E+00  0.0000E+00  0.0000E+00  0.0000E+00  0.0000E+00  0.0000E+00  0.5800E+03  0.5500E+01  0.3137E+03  0.1611E+01  0.0000E+00  0.0000E+00  0.0000E+00  0.0000E+00  0.0000E+00  0.0000E+00  0.2915E+03  0.2770E-01  0.1521E+01  0.1960E-01  0.0000E+00  0.0000E+00  0.0000E+00  0.0000E+00  0.0000E+00  0.0000E+00  0.0000E+00     0
09/11/22 User:_vjac014 GUI2.0      DLL2.0            72     2.00000      0      0      0      0      0      0      0      0      0      0      0      0      0      0      0      0      0      0      0      0      0      0  0.0000E+00  0.0000E+00  0.0000E+00  0.0000E+00  0.0000E+00  0.0000E+00  0.0000E+00  0.0000E+00  0.0000E+00  0.0000E+00  0.0000E+00  0.2921E+01  0.2770E-01  0.1310E+01  0.1998E-01  0.0000E+00  0.0000E+00  0.0000E+00  0.0000E+00  0.0000E+00  0.0000E+00  0.5800E+03  0.5500E+01  0.3159E+03  0.1612E+01  0.0000E+00  0.0000E+00  0.0000E+00  0.0000E+00  0.0000E+00  0.0000E+00  0.2915E+03  0.2770E-01  0.1310E+01  0.1998E-01  0.0000E+00  0.0000E+00  0.0000E+00  0.0000E+00  0.0000E+00  0.0000E+00  0.0000E+00     0
09/11/22 User:_vjac014 GUI2.0      DLL2.0           108     3.00000      0      0      0      0      0      0      0      0      0      0      0      0      0      0      0      0      0      0      0      0      0      0  0.0000E+00  0.0000E+00  0.0000E+00  0.0000E+00  0.0000E+00  0.0000E+00  0.0000E+00  0.0000E+00  0.0000E+00  0.0000E+00  0.0000E+00  0.2921E+01  0.2770E-01  0.1257E+01  0.1999E-01  0.0000E+00  0.0000E+00  0.0000E+00  0.0000E+00  0.0000E+00  0.0000E+00  0.5800E+03  0.5500E+01  0.3052E+03  0.1612E+01  0.0000E+00  0.0000E+00  0.0000E+00  0.0000E+00  0.0000E+00  0.0000E+00  0.2915E+03  0.2770E-01  0.1257E+01  0.1999E-01  0.0000E+00  0.0000E+00  0.0000E+00  0.0000E+00  0.0000E+00  0.0000E+00  0.0000E+00     0
