 istep  hour   IC-parent   EC-parent   IC-metab    EC-metab
     0   0.0  0.2832E+02  0.5189E+01  0.3668E+00  0.2951E-03
    18   0.5  0.2697E+03  0.2145E+01  0.1597E+01  0.1670E-01
    36   1.0  0.3145E+03  0.1505E+01  0.1611E+01  0.1965E-01
    54   1.5  0.3192E+03  0.1356E+01  0.1612E+01  0.1995E-01
    72   2.0  0.3157E+03  0.1308E+01  0.1612E+01  0.1998E-01
    90   2.5  0.3105E+03  0.1280E+01  0.1612E+01  0.1999E-01
   108   3.0  0.3049E+03  0.1256E+01  0.1612E+01  0.1999E-01
